C:\Users\Liz\Google Drive\CodeProjects\Spring Project\LeeValleyTasteTrails\src\main\java\leevalleytt\project\controller\LeeValleyTTController.java
C:\Users\Liz\Google Drive\CodeProjects\Spring Project\LeeValleyTasteTrails\src\main\java\leevalleytt\project\H2DialectMonkeyPatch.java
C:\Users\Liz\Google Drive\CodeProjects\Spring Project\LeeValleyTasteTrails\src\main\java\leevalleytt\project\repository\TourRepository.java
C:\Users\Liz\Google Drive\CodeProjects\Spring Project\LeeValleyTasteTrails\src\main\java\leevalleytt\project\entity\CustomerDetails.java
C:\Users\Liz\Google Drive\CodeProjects\Spring Project\LeeValleyTasteTrails\src\main\java\leevalleytt\project\LeeValleyTasteTrailsApplication.java
C:\Users\Liz\Google Drive\CodeProjects\Spring Project\LeeValleyTasteTrails\src\main\java\leevalleytt\project\controller\MailController.java
C:\Users\Liz\Google Drive\CodeProjects\Spring Project\LeeValleyTasteTrails\src\main\java\leevalleytt\project\repository\CustomerDetailsRepository.java
C:\Users\Liz\Google Drive\CodeProjects\Spring Project\LeeValleyTasteTrails\src\main\java\leevalleytt\project\entity\Tour.java
